MPLINK 4.49, Linker
Linker Map File - Created Mon Aug 22 15:30:30 2022

                                 Section Info
                  Section       Type    Address   Location Size(Bytes)
                ---------  ---------  ---------  ---------  ---------
                   .org_0       code   0x000000    program   0x000000
                   .org_1       code   0x000000    program   0x000002
                   .org_2       code   0x000005    program   0x000014



                              Program Memory Usage 
                               Start         End      
                           ---------   ---------      
                            0x000000    0x000000      
                            0x000005    0x00000e      
            11 out of 8454 program addresses used, program memory utilization is 0%



                              Symbols - Sorted by Name
                     Name    Address   Location    Storage File                     
                ---------  ---------  ---------  --------- ---------                
                    ENVIA   0x00000d    program     static D:\Jonathan\documentos\Escuela\2023-1\MICROCOMUS\1\P1.asm
                  ES_CERO   0x00000c    program     static D:\Jonathan\documentos\Escuela\2023-1\MICROCOMUS\1\P1.asm
                   ES_UNO   0x00000a    program     static D:\Jonathan\documentos\Escuela\2023-1\MICROCOMUS\1\P1.asm
                   INICIO   0x000005    program     static D:\Jonathan\documentos\Escuela\2023-1\MICROCOMUS\1\P1.asm



                              Symbols - Sorted by Address
                     Name    Address   Location    Storage File                     
                ---------  ---------  ---------  --------- ---------                
                   INICIO   0x000005    program     static D:\Jonathan\documentos\Escuela\2023-1\MICROCOMUS\1\P1.asm
                   ES_UNO   0x00000a    program     static D:\Jonathan\documentos\Escuela\2023-1\MICROCOMUS\1\P1.asm
                  ES_CERO   0x00000c    program     static D:\Jonathan\documentos\Escuela\2023-1\MICROCOMUS\1\P1.asm
                    ENVIA   0x00000d    program     static D:\Jonathan\documentos\Escuela\2023-1\MICROCOMUS\1\P1.asm


