MPLINK 4.49, Linker
Linker Map File - Created Mon Aug 29 14:57:01 2022

                                 Section Info
                  Section       Type    Address   Location Size(Bytes)
                ---------  ---------  ---------  ---------  ---------
                   .org_0       code   0x000000    program   0x000000
                   .org_1       code   0x000000    program   0x000002
                   .org_2       code   0x000005    program   0x000020



                              Program Memory Usage 
                               Start         End      
                           ---------   ---------      
                            0x000000    0x000000      
                            0x000005    0x000014      
            17 out of 8454 program addresses used, program memory utilization is 0%



                              Symbols - Sorted by Name
                     Name    Address   Location    Storage File                     
                ---------  ---------  ---------  --------- ---------                
             INCREMENTA_1   0x000006    program     static D:\Jonathan\documentos\Escuela\2023-1\MICROCOMPUS\lab\UNO\Ejer5.asm
             INCREMENTA_2   0x00000d    program     static D:\Jonathan\documentos\Escuela\2023-1\MICROCOMPUS\lab\UNO\Ejer5.asm
                   INICIO   0x000005    program     static D:\Jonathan\documentos\Escuela\2023-1\MICROCOMPUS\lab\UNO\Ejer5.asm



                              Symbols - Sorted by Address
                     Name    Address   Location    Storage File                     
                ---------  ---------  ---------  --------- ---------                
                   INICIO   0x000005    program     static D:\Jonathan\documentos\Escuela\2023-1\MICROCOMPUS\lab\UNO\Ejer5.asm
             INCREMENTA_1   0x000006    program     static D:\Jonathan\documentos\Escuela\2023-1\MICROCOMPUS\lab\UNO\Ejer5.asm
             INCREMENTA_2   0x00000d    program     static D:\Jonathan\documentos\Escuela\2023-1\MICROCOMPUS\lab\UNO\Ejer5.asm


